sophia_live_session_input_pipeline schema=3 status=poller_ready source=udev seat=seat0 devices=2 active=2 keyboards=1 pointers=1 touch=0 tap_capable=0 tap_enabled=0
sophia_session_app schema=1 status=started id=terminal source=startup
sophia_live_session_mode schema=1 mode=normal configured_apps=1 startup_apps=1
sophia_live_session schema=16 status=running display=:77 terminal=xterm runtime=persistent authority_capacity=256 input_capacity=64 control_capacity=32 native_presentation=enabled physical_input=enabled pointer_proof=disabled secondary_terminal=disabled wm_policy=disabled namespace_profile=classic_shared namespace_request_capabilities=0 namespace_publish_capabilities=0
sophia_live_outputs schema=2 status=ready discovered=2 presentation=2 native_owned=2 multi_output_scanout=enabled layout=extended_horizontal
sophia_live_native_startup_output schema=1 status=presented output=1 proof=synchronous_modeset submission=1
sophia_live_native_startup_output schema=1 status=presented output=2 proof=synchronous_modeset submission=1
sophia_live_session_startup schema=2 status=output_baseline_ready outputs=2/2
sophia_live_session_startup schema=2 status=content_ready source=stable_present_scanout nonzero_rgb_pixels=4096
sophia_live_native_page_flip schema=1 status=submitted output=1 submission=2 frame=3
sophia_live_native_page_flip schema=1 status=retired output=1 submission=2 frame=3
sophia_live_session_startup schema=2 status=ready elapsed_msec=650 surface=true visual_detail=true presented=true outputs_ready=2/2 recovery_attempts=0
sophia_session_app schema=1 status=exited id=terminal source=startup exit_status=exit status: 0
sophia_live_session_protocol_errors schema=1 expected=0 unexpected=0
sophia_live_session_health schema=1 status=clean protocol_errors=0 pending_wm=0 pending_actions=0 pending_input=0 wm_degraded=false
sophia_live_session_native_suspend schema=2 outcome=drained drained=true abandoned_scanouts=0 skipped_present=none
sophia_live_output schema=1 status=complete output=1 checksum=1 submissions=3 retirements=2 callbacks=2 nonzero_exports=2
sophia_live_output schema=1 status=complete output=2 checksum=2 submissions=1 retirements=0 callbacks=0 nonzero_exports=1
sophia_live_session schema=16 status=bounded_complete elapsed_msec=10000 startup_ready_msec=650 physical_events=8 physical_keys_routed=8 physical_pointer_events=0 physical_pointer_routed=0 pointer_pixel_change=false pointer_proof=disabled wm_requests=0 wm_committed=0 native_submissions=5 native_retirements=3 native_frame_uploads=5 input_events_expected=8 input_events_flushed=8 input_pixel_change=true input_text_match=false native_presentation=enabled physical_input=enabled wm_policy=disabled wm_restarts=0 wm_degraded=false native_submit_failures=0 native_retire_failures=0 native_callback_rejected=0 native_callback_queue_saturated=0 native_in_flight=false native_cleanup_pending=false present_disconnect_failures=0 present_live_sources=0 present_live_fences=0 present_live_transactions=0
sophia_live_session_cleanup schema=1 status=clean app_groups=0 frontend_workers=0 namespace=revoked xauthority=removed
