sophia_live_seat schema=1 status=active seat=seat0
sophia_session_app schema=1 status=started id=terminal source=startup
sophia_session_app schema=1 status=started id=statusbar source=startup
sophia_live_session schema=7 status=running display=:77 terminal=xterm runtime=persistent authority_capacity=256 input_capacity=64 control_capacity=32 native_presentation=enabled physical_input=enabled pointer_proof=disabled secondary_terminal=disabled wm_policy=external namespace_profile=classic_shared namespace_request_capabilities=0 namespace_publish_capabilities=0
sophia_live_outputs schema=2 status=ready discovered=2 presentation=2 native_owned=2 multi_output_scanout=enabled layout=extended_horizontal
sophia_live_session_startup schema=2 status=output_baseline_ready outputs=2/2
sophia_live_work_area schema=1 status=applied output=1 full=2560x1440_0_0 work=2560x1426_0_14
sophia_live_work_area schema=1 status=applied output=2 full=1920x1080_2560_0 work=1920x1066_2560_14
sophia_live_work_area schema=1 status=reduced outputs=2 changed=2 rejected=0 active_reservations=1
sophia_live_surface_admission schema=1 status=frontend_admitted transaction=1 surface=2097166
sophia_live_visual_candidate schema=1 status=selected transaction=407 surface=2097166 width=2556 height=1422 evidence=BackingSnapshot
sophia_live_visual_candidate_identity schema=1 status=selected transaction=407 surface=2097166 source=cpu_buffer buffer=58
sophia_live_visual_admission schema=1 status=committed transaction=407 surface=2097166 source=cpu_backing_snapshot
sophia_live_visual_admission_geometry schema=1 status=committed transaction=407 surface=2097166 source=2556x1422 target=2556x1422_2_16 unit_scale=true
2026-08-07T15:11:12Z INFO native_scanout: sophia_live_native_page_flip schema=1 status=submitted output=1 submission=6 content=Some(Cpu { frame: LiveProductionNativeFrameId(7), checksum: 1 }) frame=7
2026-08-07T15:11:12Z INFO native_scanout: sophia_live_native_page_flip schema=1 status=retired output=1 submission=6 frame=7
sophia_live_session_startup schema=2 status=ready elapsed_msec=314 surface=true visual_detail=true presented=true outputs_ready=2/2 recovery_attempts=0
sophia_live_session_vt schema=4 status=queued target=2 modifier_releases=2
sophia_live_session_vt schema=4 status=preparing target=2
sophia_live_renderer_handoff schema=1 status=captured images=0
sophia_live_session_vt schema=6 status=quiesced target=2 outcome=drained drained=true abandoned_scanouts=0 skipped_present=none
sophia_live_session_vt schema=4 status=requested target=2
sophia_live_seat schema=1 status=release_pending
sophia_live_seat schema=1 status=suspended
sophia_live_seat schema=1 status=acquire_pending
sophia_live_scene_handoff schema=1 status=rehydrated outputs=2 nonzero_outputs=2 primary_nonzero_pixel_bytes=793 source=seat_resume
sophia_live_renderer_handoff schema=1 status=restored images=0 source=seat_resume
sophia_live_seat schema=1 status=active source=resume
2026-08-07T15:11:13Z INFO native_scanout: sophia_live_native_page_flip schema=1 status=retired output=1 submission=7 frame=8
sophia_live_wm schema=1 status=session_action_committed transaction=2 action=Logout
sophia_live_session_native_suspend schema=2 outcome=drained drained=true abandoned_scanouts=0 skipped_present=none
sophia_live_session_health schema=1 status=clean protocol_errors=0 pending_wm=0 pending_actions=0 pending_input=0 wm_degraded=false
sophia_live_session_protocol_errors schema=1 expected=0 unexpected=0
sophia_live_session schema=16 status=bounded_complete physical_input=enabled physical_keys_routed=6 wm_policy=external wm_restarts=0 wm_degraded=false native_presentation=enabled native_submit_failures=0 native_retire_failures=0 native_callback_rejected=0 native_in_flight=false native_cleanup_pending=false
sophia_live_output schema=1 status=complete output=1 checksum=1 submissions=7 retirements=6 callbacks=6 nonzero_exports=7
sophia_live_output schema=1 status=complete output=2 checksum=2 submissions=1 retirements=0 callbacks=0 nonzero_exports=1
sophia_live_session_cleanup schema=1 status=clean app_groups=0 frontend_workers=0 namespace=revoked xauthority=removed
