sophia_session_app schema=1 status=started id=terminal source=startup
sophia_session_app schema=1 status=started id=palette source=startup
sophia_session_app schema=1 status=started id=statusbar source=startup
sophia_live_session schema=7 status=running display=:77 terminal=xterm native_presentation=enabled physical_input=enabled wm_policy=external namespace_profile=classic_shared
sophia_live_outputs schema=2 status=ready discovered=2 presentation=2 native_owned=2 multi_output_scanout=enabled layout=extended_horizontal
sophia_live_session_startup schema=2 status=ready elapsed_msec=400 outputs_ready=2/2 presented=true retained_sources=2
sophia_truecolor_client schema=2 status=ready width=640 height=240 target=640x240_1600_64 palette=asymmetric_rgb_cmy_gray put_image=exact get_image=exact alloc_color=exact alloc_named_color=exact query_colors=exact
sophia_native_composition_region schema=1 status=read composition=final source_stage=cpu layer=1 target=640x240_1600_64 region_pixels=153600 region_nonzero_rgb_pixels=153600 region_red_pixels=9600 region_green_pixels=14400 region_blue_pixels=19200 region_yellow_pixels=24000 region_cyan_pixels=28800 region_magenta_pixels=33600 region_gray_pixels=24000 region_other_pixels=0 region_checksum=11
sophia_live_native_page_flip schema=1 status=submitted output=1 submission=7 content=Some(Cpu) frame=9
sophia_live_native_page_flip schema=1 status=retired output=1 submission=7 frame=9
sophia_live_visual_candidate schema=1 status=selected transaction=30 surface=40 width=1200 height=1000 evidence=PresentedBuffer
sophia_live_visual_candidate_identity schema=1 status=selected transaction=30 surface=40 source=dma_buf buffer=3
sophia_native_composition_region schema=1 status=read composition=final source_stage=dmabuf layer=2 target=1200x1000_0_14 region_pixels=1200000 region_nonzero_rgb_pixels=1000 region_red_pixels=10 region_green_pixels=20 region_blue_pixels=30 region_yellow_pixels=40 region_cyan_pixels=50 region_magenta_pixels=60 region_gray_pixels=100 region_other_pixels=1199690 region_checksum=13
sophia_live_native_page_flip schema=1 status=submitted output=1 submission=8 content=Some(Rendered) frame=10
sophia_live_native_page_flip schema=1 status=retired output=1 submission=8 frame=10
sophia_live_wm schema=1 status=session_action_committed request=5 action=Logout
sophia_live_session_health schema=1 status=clean protocol_errors=0 pending_wm=0 pending_actions=0 pending_input=0 wm_degraded=false
sophia_live_session_protocol_errors schema=1 expected=0 unexpected=0
sophia_live_session_native_suspend schema=2 outcome=drained drained=true abandoned_scanouts=0 skipped_present=none
sophia_live_output schema=1 status=complete output=1 checksum=22 submissions=7 retirements=6 callbacks=6 nonzero_exports=7
sophia_live_output schema=1 status=complete output=2 checksum=23 submissions=2 retirements=1 callbacks=1 nonzero_exports=2
sophia_live_session schema=16 status=bounded_complete native_presentation=enabled physical_input=enabled physical_keys_routed=4 wm_policy=external wm_restarts=0 wm_degraded=false native_submit_failures=0 native_retire_failures=0 native_callback_rejected=0 native_in_flight=false native_cleanup_pending=false
sophia_live_session_cleanup schema=1 status=clean app_groups=0 frontend_workers=0 namespace=revoked xauthority=removed
