sophia_session_app schema=1 status=started id=terminal source=action
sophia_session_app schema=1 status=started id=terminal source=action
sophia_session_app schema=1 status=started id=firefox source=action
sophia_session_app schema=1 status=started id=firefox source=action
sophia_session_app schema=1 status=exited id=terminal source=managed exit_status=exit status: 0
sophia_session_app schema=1 status=exited id=terminal source=managed exit_status=exit status: 0
sophia_session_app schema=1 status=exited id=firefox source=managed exit_status=exit status: 0
sophia_session_app schema=1 status=exited id=firefox source=managed exit_status=exit status: 0
sophia_live_wm schema=1 status=layout_committed transaction=1 moved_surfaces=1 configure_deliveries=1 outcome=Committed
sophia_live_wm schema=1 status=layout_committed transaction=2 moved_surfaces=1 configure_deliveries=1 outcome=Committed
sophia_live_wm schema=1 status=layout_committed transaction=3 moved_surfaces=1 configure_deliveries=1 outcome=Committed
sophia_live_wm schema=1 status=layout_committed transaction=4 moved_surfaces=1 configure_deliveries=1 outcome=Committed
sophia_live_wm schema=1 status=focus_committed transaction=5 target=surface
sophia_live_wm schema=1 status=focus_committed transaction=6 target=surface
sophia_live_wm schema=2 status=workspace_projection_committed transaction=7 output=1 workspace=2 visible_surfaces=0 focus=none
sophia_live_wm schema=2 status=workspace_projection_committed transaction=8 output=2 workspace=2 visible_surfaces=0 focus=none
sophia_live_wm schema=2 status=workspace_projection_committed transaction=9 output=1 workspace=1 visible_surfaces=2 focus=surface
sophia_live_wm schema=2 status=workspace_projection_committed transaction=10 output=2 workspace=1 visible_surfaces=2 focus=surface
sophia_live_resize_epoch schema=3 status=visual_committed transaction=11 surface=1 width=960 height=1080
sophia_live_resize_epoch schema=3 status=visual_committed transaction=12 surface=2 width=960 height=1080
sophia_live_wm schema=1 status=session_action_committed transaction=13 action=CloseFocused
sophia_live_wm schema=1 status=session_action_committed transaction=14 action=CloseFocused
sophia_live_wm schema=1 status=session_action_committed transaction=15 action=CloseFocused
sophia_live_wm schema=1 status=session_action_committed transaction=16 action=CloseFocused
sophia_live_wm schema=1 status=physical_action_committed action=1
sophia_live_wm schema=1 status=physical_action_committed action=2
sophia_live_wm schema=1 status=physical_action_committed action=3
sophia_live_wm schema=1 status=physical_action_committed action=4
sophia_live_wm schema=1 status=physical_action_committed action=5
sophia_live_wm schema=1 status=physical_action_committed action=6
sophia_live_wm schema=1 status=physical_action_committed action=7
sophia_live_wm schema=1 status=physical_action_committed action=8
sophia_live_wm schema=1 status=physical_action_committed action=9
sophia_live_wm schema=1 status=physical_action_committed action=10
sophia_live_wm schema=1 status=physical_action_committed action=11
sophia_live_wm schema=1 status=physical_action_committed action=12
sophia_live_wm schema=1 status=physical_action_committed action=13
sophia_live_wm schema=1 status=physical_action_committed action=14
sophia_live_wm schema=1 status=physical_action_committed action=258
sophia_live_wm schema=1 status=physical_action_committed action=514
sophia_live_wm schema=4 status=pointer_gesture_committed mode=move
sophia_live_wm schema=4 status=pointer_gesture_committed mode=resize
sophia_live_selection schema=1 status=complete owner_changes=2 conversions=2 content=redacted
sophia_live_session_protocol_errors schema=1 expected=2 unexpected=0
sophia_live_output schema=1 status=complete output=1 checksum=10 submissions=20 retirements=20 callbacks=20 nonzero_exports=20
sophia_live_output schema=1 status=complete output=2 checksum=20 submissions=20 retirements=20 callbacks=20 nonzero_exports=20
sophia_live_session_keys schema=2 status=complete pending=0 release_barrier_pending=0 peak_pressed=4 synthetic_releases=4 state_only_releases=0 orphan_releases_suppressed=0 removed_surface_keys=0 repeat_active_seats=0 repeat_armed=2 repeat_routed=2 repeat_pulses=2 repeat_coalesced=0 repeat_cancelled=2 repeat_capacity_exhausted=0
sophia_live_session_cursor schema=5 path=legacy_ioctl plane=unprobed moves_coalesced=0 max_motion_to_submit_msec=5 initialization_max_msec=9 initialization_deferrals=2 max_update_msec=9 updates_primary_in_flight=2 buttons_routed=4 hardware_updates=8 hidden_updates=0 hardware_failures=0
sophia_live_page_flip_clock schema=1 status=complete source=kernel_monotonic timestamps=500 fallbacks=0 pending=0
sophia_live_session_cleanup schema=1 status=clean app_groups=0 frontend_workers=0 namespace=revoked xauthority=removed
sophia_live_wm_transport schema=2 status=complete peak_depth=2 pending=0 rejected=0 action_ordered=3 action_coalesced=0 stale_responses=0 max_queue_dwell_msec=12 max_round_trip_msec=180
sophia_live_session_health schema=1 status=clean protocol_errors=0 pending_wm=0 pending_actions=0 pending_input=0 wm_degraded=false
sophia_live_layout_authority schema=1 status=clean hidden_surface_commands=0
sophia_live_session schema=14 status=bounded_complete elapsed_msec=7200000 input_events_expected=100 input_events_flushed=100 authority_batches_dropped=0 physical_events=100 physical_keys_routed=80 physical_pointer_events=20 physical_pointer_routed=20 wm_requests=30 wm_committed=30 wm_restarts=0 native_submissions=500 native_retirements=500 native_frame_uploads=500 wm_degraded=false native_submit_failures=0 native_retire_failures=0 native_callback_rejected=0 native_callback_queue_saturated=0 native_in_flight=false native_cleanup_pending=false present_disconnect_failures=0 present_route_failures=0 present_live_sources=0 present_live_fences=0 present_live_transactions=0 present_controlled_rejections=0
