sophia_mirror_group_gate schema=1 status=starting source_commit=0000000000000000000000000000000000000000 sophia_sha256=1111111111111111111111111111111111111111111111111111111111111111 profile_sha256=2222222222222222222222222222222222222222222222222222222222222222
sophia_live_native_head schema=2 status=ready output=1 head=1 connector=DP-1 connector_id=94 mode=2560x1440 refresh_millihz=59951 mirrored=true
sophia_live_native_head schema=2 status=ready output=1 head=2 connector=DP-2 connector_id=102 mode=1920x1080 refresh_millihz=60000 mirrored=true
sophia_live_outputs schema=2 status=ready discovered=2 presentation=1 native_owned=2 multi_output_scanout=enabled layout=extended_horizontal
sophia_live_head_composition_plan schema=2 status=ready output=1 head=1 scene_generation=1 target_generation=1 width=2560 height=1440 mapping=fit exact=1 downsampled=0 upsampled=0 mixed=0 active=1 fallback=0 unavailable=0 compositor_primitives=3 damage_rects=1 logical_content_checksum=10
sophia_live_head_composition_plan schema=2 status=ready output=1 head=2 scene_generation=1 target_generation=1 width=1920 height=1080 mapping=fit exact=0 downsampled=1 upsampled=0 mixed=0 active=1 fallback=0 unavailable=0 compositor_primitives=3 damage_rects=1 logical_content_checksum=10
sophia_live_head_composition_queue schema=1 status=queued output=1 head=1 frame=1 scene_generation=1 target_generation=1 mapping=fit width=2560 height=1440 logical_content_checksum=10 source=head_plan
sophia_live_head_composition_queue schema=1 status=queued output=1 head=2 frame=1 scene_generation=1 target_generation=1 mapping=fit width=1920 height=1080 logical_content_checksum=10 source=head_plan
sophia_live_head_bootstrap schema=1 status=worker_ready output=1 head=1 workers=1
sophia_live_head_bootstrap schema=1 status=worker_ready output=1 head=2 workers=1
sophia_live_head_bootstrap schema=1 status=worker_composed output=1 head=1 frame=1 scene_generation=1 target_generation=1 mapping=fit exports=1
sophia_live_head_bootstrap schema=1 status=worker_composed output=1 head=2 frame=1 scene_generation=1 target_generation=1 mapping=fit exports=1
sophia_native_composition_sampling schema=3 status=active output=1 head=1 scene_generation=1 requested=exact_nearest effective=exact_nearest alpha_mode=opaque source=2560x1440 target=2560x1440 frame=2560x1440
sophia_native_composition_sampling schema=3 status=active output=1 head=2 scene_generation=1 requested=sharp_downscale effective=sharp_downscale alpha_mode=opaque source=2560x1440 target=1920x1080 frame=1920x1080
sophia_native_composition_region schema=1 status=read composition=final source_stage=cpu layer=0 target=2560x1440_0_0 region_pixels=3686400 region_nonzero_rgb_pixels=16000 region_red_pixels=0 region_green_pixels=0 region_blue_pixels=4000 region_yellow_pixels=0 region_cyan_pixels=0 region_magenta_pixels=0 region_gray_pixels=7200 region_other_pixels=4800 region_checksum=31
sophia_native_composition_region schema=1 status=read composition=final source_stage=cpu layer=0 target=1920x1080_0_0 region_pixels=2073600 region_nonzero_rgb_pixels=9000 region_red_pixels=0 region_green_pixels=0 region_blue_pixels=2200 region_yellow_pixels=0 region_cyan_pixels=0 region_magenta_pixels=0 region_gray_pixels=4200 region_other_pixels=2600 region_checksum=32
sophia_live_native_startup_output schema=1 status=presented output=1 proof=synchronous_modeset submission=1
sophia_live_session_startup schema=2 status=output_baseline_ready outputs=1/1
sophia_live_head_composition_plan schema=2 status=ready output=1 head=1 scene_generation=23 target_generation=1 width=2560 height=1440 mapping=fit exact=1 downsampled=0 upsampled=0 mixed=0 active=1 fallback=0 unavailable=0 compositor_primitives=3 damage_rects=1 logical_content_checksum=111
sophia_live_head_composition_plan schema=2 status=ready output=1 head=2 scene_generation=23 target_generation=1 width=1920 height=1080 mapping=fit exact=1 downsampled=0 upsampled=0 mixed=0 active=1 fallback=0 unavailable=0 compositor_primitives=3 damage_rects=1 logical_content_checksum=111
sophia_live_head_content schema=1 status=selected output=1 head=1 scene_generation=23 surface=1 committed_generation=9 variant=1 source=cpu handle=401 density_millis=1000 sampling=exact fidelity=authority_raster
sophia_live_head_content schema=1 status=selected output=1 head=2 scene_generation=23 surface=1 committed_generation=9 variant=2 source=cpu handle=402 density_millis=750 sampling=exact fidelity=authority_raster
sophia_live_head_composition_queue schema=1 status=queued output=1 head=1 frame=7 scene_generation=23 target_generation=1 mapping=fit width=2560 height=1440 logical_content_checksum=111 source=head_plan
sophia_live_head_composition_queue schema=1 status=queued output=1 head=2 frame=7 scene_generation=23 target_generation=1 mapping=fit width=1920 height=1080 logical_content_checksum=111 source=head_plan
sophia_live_native_head_page_flip schema=2 status=submitted output=1 head=1 submission=2 content=HeadComposition frame=7
sophia_live_native_head_page_flip schema=2 status=submitted output=1 head=2 submission=2 content=HeadComposition frame=7
sophia_live_native_head_page_flip schema=2 status=callback_accepted output=1 head=1 callbacks=1 kernel_sequence=80 frame=7
sophia_live_native_head_page_flip schema=2 status=retired output=1 head=1 submission=2 frame=7
sophia_live_mirror_head_damage schema=2 status=presented output=1 head=1 frame=7 width=2560 height=1440 mode=full rects=1 pixels=3686400
sophia_live_mirror_pacing schema=1 status=primary_presented output=1 primary=1 frame=7
sophia_live_mirror_generation schema=2 status=presented output=1 frame=7 source=head_composition logical_content_checksum=111
sophia_live_native_head_page_flip schema=2 status=callback_accepted output=1 head=2 callbacks=1 kernel_sequence=81 frame=7
sophia_live_native_head_page_flip schema=2 status=retired output=1 head=2 submission=2 frame=7
sophia_live_mirror_head_damage schema=2 status=presented output=1 head=2 frame=7 width=1920 height=1080 mode=full rects=1 pixels=2073600
sophia_live_mirror_pacing schema=1 status=released output=1 frame=7
sophia_live_session_health schema=1 status=clean protocol_errors=0 pending_wm=0 pending_actions=0 pending_input=0 wm_degraded=false
sophia_live_output_topology_health schema=1 status=clean quarantined=false
sophia_live_session_native_suspend schema=2 outcome=drained drained=true abandoned_scanouts=0 skipped_present=none
sophia_live_session schema=16 status=bounded_complete cpu_checksum=111 native_presentation=enabled native_submissions=4 native_submit_failures=0 native_retirements=4 native_retire_failures=0 native_callback_accepted=4 native_callback_rejected=0 native_callback_queue_saturated=0 native_nonzero_exports=4 native_in_flight=false native_cleanup_pending=false
sophia_live_native_resources schema=5 status=complete target_creations=2 pipeline_creations=2 frame_surface_creations=2 cpu_target_creations=0 dmabuf_target_creations=0 composition_target_creations=2 composition_target_reuses=2 generation_replacements=0 recovery_replacements=0 snapshot_captures=0 snapshot_promotions=0 snapshot_rollbacks=0 snapshot_evictions=0 snapshot_live_entries=0 snapshot_live_bytes=0 import_cache_imports=0 import_cache_hits=0 import_cache_evictions=0 import_cache_live_entries=0 import_cache_descriptor_mismatches=0 import_cache_capacity_rejections=0 exact_nearest_draws=2 sharp_downscale_draws=2 linear_upscale_draws=0 sharp_downscale_fallbacks=0 worker_requests=4 worker_completions=4 worker_failures=0 worker_soft_stalls=0 worker_hard_stalls=0 worker_release_enqueue_failures=0 max_worker_request_msec=3
sophia_live_session_keys schema=2 status=complete pending=0 release_barrier_pending=0 peak_pressed=1 synthetic_releases=1 state_only_releases=0 orphan_releases_suppressed=0 removed_surface_keys=0 repeat_active_seats=0 repeat_armed=1 repeat_routed=0 repeat_pulses=0 repeat_coalesced=0 repeat_cancelled=1 repeat_capacity_exhausted=0
sophia_live_vsync schema=1 status=complete outputs=2 overlap_rejections=0 phase_rejections=0 policy=page_flip_paced
sophia_live_output schema=1 status=complete output=1 checksum=111 submissions=2 retirements=2 callbacks=2 nonzero_exports=2
sophia_live_output schema=1 status=complete output=1 checksum=111 submissions=2 retirements=2 callbacks=2 nonzero_exports=2
sophia_live_native_head schema=3 status=complete output=1 head=1 scene_generation=7 logical_content_checksum=111 head_pixel_checksum=unavailable submissions=2 retirements=2 callbacks=2 nonzero_exports=2
sophia_live_native_head schema=3 status=complete output=1 head=2 scene_generation=7 logical_content_checksum=111 head_pixel_checksum=unavailable submissions=2 retirements=2 callbacks=2 nonzero_exports=2
sophia_live_session_cleanup schema=1 status=clean app_groups=0 frontend_workers=0 namespace=revoked xauthority=removed
sophia_mirror_group_gate schema=1 status=visual_confirmed outputs=1 connectors=2 heads=2 dp1_mode=2560x1440 dp2_mode=1920x1080
sophia_mirror_group_visual schema=1 status=confirmed content=logically_identical case=mixed legibility=stable_both scaled_text=sharp_not_blocky foreground=white background=black
sophia_mirror_group_gate schema=1 status=passed exit=0
