sophia_session_app schema=1 status=started id=terminal source=startup
sophia_session_app schema=1 status=started id=firefox source=action
sophia_firefox_selection schema=1 status=kitty_checkpoint checkpoint=before content=redacted
sophia_firefox_m8 schema=1 status=stage_complete stage=loaded index=0 title_bytes=36 content=redacted
sophia_firefox_m8 schema=1 status=stage_complete stage=keyboard index=1 title_bytes=52 content=redacted
sophia_firefox_m8 schema=1 status=selection_observed kind=owner_change count=1 content=redacted
sophia_firefox_m8 schema=1 status=selection_observed kind=conversion count=1 content=redacted
sophia_firefox_selection schema=1 status=kitty_checkpoint checkpoint=clipboard_peer content=redacted
sophia_firefox_m8 schema=1 status=selection_observed kind=owner_change count=2 content=redacted
sophia_firefox_m8 schema=1 status=selection_observed kind=conversion count=2 content=redacted
sophia_firefox_m8 schema=1 status=stage_complete stage=clipboard index=2 title_bytes=68 content=redacted
sophia_firefox_m8 schema=1 status=selection_observed kind=owner_change count=3 content=redacted
sophia_firefox_m8 schema=1 status=selection_observed kind=conversion count=3 content=redacted
sophia_firefox_selection schema=1 status=kitty_checkpoint checkpoint=primary_peer content=redacted
sophia_firefox_m8 schema=1 status=selection_observed kind=owner_change count=4 content=redacted
sophia_firefox_m8 schema=1 status=selection_observed kind=conversion count=4 content=redacted
sophia_firefox_m8 schema=1 status=stage_complete stage=primary index=3 title_bytes=84 content=redacted
sophia_firefox_selection schema=1 status=complete stages=4 kitty_checkpoints=3 selection_owner_changes=4 selection_conversions=4 content=redacted
sophia_live_session_health schema=1 status=clean protocol_errors=0 pending_wm=0 pending_actions=0 pending_input=0 wm_degraded=false
sophia_live_session_cleanup schema=1 status=clean app_groups=0 frontend_workers=0 namespace=revoked xauthority=removed
