sophia_live_wm schema=1 status=ready adapter=external socket=private restarts=0
sophia_session_app schema=1 status=started id=terminal source=startup
sophia_live_wm schema=1 status=physical_action_committed action=768
sophia_session_app schema=1 status=started id=terminal source=action
sophia_firefox_m10 schema=1 status=kitty_checkpoint terminal=a checkpoint=before content=redacted
sophia_firefox_m10 schema=1 status=kitty_checkpoint terminal=b checkpoint=before content=redacted
sophia_live_wm schema=1 status=physical_action_committed action=1
sophia_live_wm schema=1 status=layout_committed transaction=1 moved_surfaces=1 configure_deliveries=1 outcome=Committed
sophia_live_wm schema=1 status=focus_committed transaction=1 target=surface
sophia_live_outputs schema=2 status=ready discovered=2 presentation=2 native_owned=2 multi_output_scanout=enabled layout=extended_horizontal
sophia_live_native_startup_output schema=1 status=presented output=1 proof=synchronous_modeset submission=1
sophia_live_native_startup_output schema=1 status=presented output=2 proof=synchronous_modeset submission=1
TRACE sophia_live_native_page_flip schema=1 status=retired output=1 submission=2
sophia_live_session_input_pipeline schema=2 status=content_ready source=stable_present_scanout
sophia_live_session_startup schema=2 status=output_baseline_ready outputs=2/2
sophia_live_session_startup schema=2 status=content_ready source=stable_present_scanout nonzero_rgb_pixels=144
sophia_live_session_startup schema=2 status=ready elapsed_msec=700 surface=true visual_detail=true presented=true outputs_ready=2/2 recovery_attempts=0
sophia_live_session_present schema=2 status=retired transaction=236 surface=2097168 source=2560x1440 target=2560x1440_0_0 clip=none unit_scale=true
sophia_live_session_input_pipeline schema=1 status=key_observed
sophia_live_session_input_pipeline schema=1 status=key_routed
sophia_live_session_input schema=1 status=ready source=physical text=sophia
sophia_live_session_pointer schema=1 status=ready source=physical action=select
sophia_live_session_pointer schema=2 status=motion_routed
sophia_live_session_pointer schema=2 status=button_routed count=1
sophia_live_session_pointer schema=3 status=axis_observed
sophia_live_session_pointer schema=3 status=axis_routed
sophia_live_session_pointer schema=7 status=output_edge_confined axis=horizontal side=minimum
sophia_live_session_pointer schema=7 status=edge_reverse_immediate axis=horizontal side=minimum
sophia_live_session_pointer schema=7 status=output_edge_confined axis=horizontal side=maximum
sophia_live_session_pointer schema=7 status=edge_reverse_immediate axis=horizontal side=maximum
sophia_live_session_pointer schema=7 status=output_edge_confined axis=vertical side=minimum
sophia_live_session_pointer schema=7 status=edge_reverse_immediate axis=vertical side=minimum
sophia_live_session_pointer schema=7 status=output_edge_confined axis=vertical side=maximum
sophia_live_session_pointer schema=7 status=edge_reverse_immediate axis=vertical side=maximum
sophia_live_wm schema=1 status=physical_action_committed action=3
sophia_live_wm schema=1 status=physical_action_committed action=258
sophia_live_wm schema=2 status=workspace_projection_committed transaction=12 output=1 workspace=2 visible_surfaces=0 focus=none
sophia_live_wm schema=1 status=hidden_focus_cleared transaction=12
sophia_live_session_input_pipeline schema=2 status=key_suppressed reason=no_focus
sophia_live_wm schema=1 status=physical_action_committed action=259
sophia_live_wm schema=2 status=workspace_projection_committed transaction=13 output=1 workspace=3 visible_surfaces=0 focus=none
sophia_live_wm schema=1 status=physical_action_committed action=257
sophia_live_wm schema=2 status=workspace_projection_committed transaction=14 output=1 workspace=1 visible_surfaces=2 focus=surface
sophia_live_wm schema=1 status=workspace_focus_restore_queued transaction=14 surface=2097168
sophia_live_wm schema=1 status=physical_action_committed action=769
sophia_live_session_vt schema=4 status=queued target=3 modifier_releases=2
sophia_live_session_vt schema=4 status=preparing target=3
sophia_live_renderer_handoff schema=1 status=captured images=1
sophia_live_session_vt schema=6 status=quiesced target=3 outcome=drained drained=true abandoned_scanouts=0 skipped_present=none
sophia_live_session_vt schema=4 status=requested target=3
sophia_live_seat schema=1 status=release_pending
sophia_live_seat schema=1 status=suspended
sophia_live_seat schema=1 status=acquire_pending
sophia_live_renderer_handoff schema=1 status=restored images=1 source=seat_resume
sophia_live_seat schema=1 status=active source=resume
sophia_live_native_page_flip schema=1 status=retired output=1 submission=52
TRACE sophia_live_native_page_flip schema=1 status=retired output=1 submission=51
sophia_session_app schema=2 status=started id=firefox source=action transaction=15
sophia_session_app schema=1 status=started id=firefox source=action
sophia_session_app schema=2 status=surface_observed source=action transaction=15 surface=4
sophia_live_visual_candidate schema=1 status=selected transaction=150 surface=4 width=1280 height=1040 evidence=PresentedBuffer
sophia_live_visual_admission schema=1 status=armed transaction=150 surface=4
sophia_live_visual_admission schema=1 status=presented transaction=150 surface=4
sophia_session_app schema=2 status=admitted source=action transaction=15 surface=4
sophia_firefox_m8 schema=1 status=page_ready title_bytes=16 content=redacted
sophia_firefox_m8 schema=1 status=stage_complete stage=loaded index=0 title_bytes=24 content=redacted
sophia_firefox_m8 schema=1 status=stage_complete stage=keyboard index=1 title_bytes=40 content=redacted
sophia_firefox_m8 schema=1 status=navigation_ready content=redacted
sophia_live_session_pointer schema=3 status=axis_routed
sophia_live_session_pointer schema=9 status=axis_batch observed=1 routed=1
sophia_live_session_pointer schema=9 status=axis_batch observed=1 routed=1
sophia_firefox_m8 schema=1 status=stage_complete stage=scroll index=2 title_bytes=88 content=redacted
sophia_live_surface_geometry schema=1 status=frontend_configured transaction=18 surface=4
sophia_live_wm schema=1 status=layout_committed transaction=18 surfaces=4 moved_surfaces=3 configure_deliveries=3 outcome=Committed
sophia_live_resize_epoch schema=1 status=committed transaction=18 matched_surfaces=2
sophia_live_resize_epoch schema=3 status=visual_armed epoch=18 transaction=180 surface=2 width=1276 height=709
sophia_live_resize_epoch schema=3 status=visual_armed epoch=18 transaction=181 surface=3 width=1276 height=709
sophia_live_wm schema=1 status=physical_action_committed action=3
sophia_live_wm schema=2 status=workspace_projection_committed transaction=18 output=1 workspace=1 visible_surfaces=3 focus=surface
sophia_firefox_m8 schema=1 status=stage_complete stage=layout index=3 title_bytes=104 content=redacted
sophia_live_resize_epoch schema=3 status=visual_committed transaction=180 surface=2 width=1276 height=709
sophia_live_resize_epoch schema=3 status=visual_committed transaction=181 surface=3 width=1276 height=709
sophia_live_session_present schema=2 status=retired transaction=182 surface=4 source=1276x1422 target=1276x1422_2_16 clip=1276x1422_2_16 unit_scale=true
sophia_live_wm schema=1 status=physical_action_committed action=1
TRACE sophia_x11_focus_delivery schema=1 client=3 window=4 focused=false core_selected=true xi2_selected=true content=redacted
sophia_live_wm schema=1 status=focus_reconciled transaction=181 target=surface surface=SurfaceId { index: 2, generation: 1 } outcome=Focused
sophia_live_session_input_pipeline schema=1 status=focus_applied source=x11-control
sophia_live_session_present schema=2 status=retired transaction=183 surface=4 source=1276x1422 target=1276x1422_2_16 clip=1276x1422_2_16 unit_scale=true
sophia_live_wm schema=1 status=physical_action_committed action=1
TRACE sophia_x11_focus_delivery schema=1 client=3 window=4 focused=true core_selected=true xi2_selected=true content=redacted
sophia_live_wm schema=1 status=focus_reconciled transaction=182 target=surface surface=SurfaceId { index: 4, generation: 1 } outcome=Focused
sophia_live_session_input_pipeline schema=1 status=focus_applied source=x11-control
sophia_firefox_m8 schema=1 status=stage_complete stage=refocus index=4 title_bytes=120 content=redacted
sophia_firefox_m8 schema=1 status=dialog_ready content=redacted
sophia_live_resize_epoch schema=3 status=visual_armed epoch=19 transaction=190 surface=5 width=640 height=480
sophia_live_resize_epoch schema=3 status=visual_committed transaction=190 surface=5 width=640 height=480
sophia_live_wm schema=1 status=layout_committed transaction=19 surfaces=5 moved_surfaces=1 configure_deliveries=2 outcome=Committed
sophia_firefox_m8 schema=1 status=stage_complete stage=dialog index=5 title_bytes=136 content=redacted
sophia_live_wm schema=1 status=layout_committed transaction=20 surfaces=4 moved_surfaces=1 configure_deliveries=1 outcome=Committed
sophia_session_app schema=1 status=exited id=firefox source=managed exit_status=exit status: 0
sophia_firefox_m10 schema=1 status=kitty_checkpoint terminal=a checkpoint=after_normal_close content=redacted
sophia_firefox_m10 schema=1 status=kitty_checkpoint terminal=b checkpoint=after_normal_close content=redacted
sophia_session_app schema=2 status=started id=firefox source=action transaction=21
sophia_session_app schema=1 status=started id=firefox source=action
sophia_session_app schema=2 status=surface_observed source=action transaction=21 surface=6
sophia_live_visual_candidate schema=1 status=selected transaction=210 surface=6 width=1280 height=1040 evidence=PresentedBuffer
sophia_live_visual_admission schema=1 status=armed transaction=210 surface=6
sophia_live_visual_admission schema=1 status=presented transaction=210 surface=6
sophia_session_app schema=2 status=admitted source=action transaction=21 surface=6
sophia_live_wm schema=1 status=session_action_committed transaction=21 action=CloseFocused
sophia_session_app schema=1 status=exited id=firefox source=managed exit_status=exit status: 0
sophia_firefox_m10 schema=1 status=kitty_checkpoint terminal=a checkpoint=after_forced_close content=redacted
sophia_firefox_m10 schema=1 status=kitty_checkpoint terminal=b checkpoint=after_forced_close content=redacted
sophia_firefox_promotion schema=1 status=complete stages=6 selection_gates=focused content=redacted
sophia_firefox_m10 schema=3 status=complete kitty_checkpoints=6 selection_gates=focused content=redacted
sophia_live_wm schema=1 status=session_action_committed transaction=22 action=Logout
sophia_live_session_protocol_errors schema=1 expected=2 unexpected=0
sophia_live_selection schema=1 status=complete owner_changes=0 conversions=0 content=redacted
sophia_live_session_health schema=1 status=clean protocol_errors=0 pending_wm=0 pending_actions=0 pending_input=0 wm_degraded=false
sophia_live_layout_health schema=2 status=clean recovery_extents=0 standing_targets=0 constraint_relayout_pending=false
sophia_live_session_cursor schema=5 path=legacy_ioctl plane=unprobed moves_coalesced=0 max_motion_to_submit_msec=5 initialization_max_msec=9 initialization_deferrals=2 max_update_msec=9 updates_primary_in_flight=2 buttons_routed=4 hardware_updates=8 hidden_updates=0 hardware_failures=0
sophia_live_session_keys schema=2 status=complete pending=0 release_barrier_pending=0 peak_pressed=4 synthetic_releases=4 state_only_releases=0 orphan_releases_suppressed=0 removed_surface_keys=0 repeat_active_seats=0 repeat_armed=2 repeat_routed=6 repeat_pulses=6 repeat_coalesced=0 repeat_cancelled=2 repeat_capacity_exhausted=0
sophia_live_session schema=14 status=bounded_complete elapsed_msec=120000 startup_ready_msec=700 physical_events=40 physical_keys_routed=30 physical_pointer_events=10 physical_pointer_routed=10 pointer_pixel_change=true pointer_proof=enabled wm_requests=20 wm_committed=20 native_submissions=100 native_retirements=100 native_frame_uploads=100 input_events_expected=40 input_events_flushed=40 input_pixel_change=true input_text_match=true native_presentation=enabled physical_input=enabled wm_policy=external wm_restarts=0 wm_degraded=false native_submit_failures=0 native_retire_failures=0 native_callback_rejected=0 native_callback_queue_saturated=0 native_in_flight=false native_cleanup_pending=false present_disconnect_failures=0 present_live_sources=0 present_live_fences=0 present_live_transactions=0
sophia_live_session_cleanup schema=1 status=clean app_groups=0 frontend_workers=0 namespace=revoked xauthority=removed
