sophia_session_app schema=1 status=started id=terminal source=startup
sophia_session_app schema=1 status=started id=browser source=action
sophia_session_app schema=2 status=surface_observed source=action transaction=2 surface=6291459
sophia_live_wm schema=1 status=restarted restarts=1 preserved_layout=true
sophia_firefox_rendering schema=1 status=page_ready title_bytes=249 content=redacted
sophia_live_resize_epoch schema=2 status=recovery_extent_cleared surface=6291459 reason=admission_present_retired
sophia_live_resize_epoch schema=3 status=visual_armed epoch=1201 transaction=1201 surface=6291459 width=1276 height=1422 source=standing_target_recovery
sophia_live_resize_epoch schema=3 status=visual_committed transaction=1201 surface=6291459 width=1276 height=1422
sophia_live_head_content_geometry schema=1 status=selected output=1 head=1 scene_generation=900 surface=6291459 committed_generation=44 source=cpu size=1266x1408 target=1266x1408_1285_23 clip=1266x1408_1285_23
sophia_live_head_composition_queue schema=1 status=queued output=1 head=1 frame=40 scene_generation=900 target_generation=2 mapping=fit width=2560 height=1440 logical_content_checksum=123 source=head_plan
sophia_native_composition_region_frame schema=1 status=read output=1 head=1 scene_generation=900 layer=9 source_stage=cpu target=1266x1408_1285_23 region_pixels=1782528 nonzero_rgb_pixels=1700000 checksum=123456789012345678
sophia_live_native_head_page_flip schema=2 status=retired output=1 head=1 submission=25 frame=40
sophia_live_session_present schema=4 status=retired transaction=1201 surface=6291459 source=1266x1408 kind=software frame=40 native_submission=25 ust=100000 msc=501
sophia_live_head_content_geometry schema=1 status=selected output=1 head=1 scene_generation=901 surface=6291459 committed_generation=45 source=dmabuf size=1266x1408 target=1266x1408_1285_23 clip=1266x1408_1285_23
sophia_live_head_composition_queue schema=1 status=queued output=1 head=1 frame=41 scene_generation=901 target_generation=2 mapping=fit width=2560 height=1440 logical_content_checksum=124 source=head_plan
sophia_native_composition_region_frame schema=1 status=read output=1 head=1 scene_generation=901 layer=9 source_stage=renderer_image target=1266x1408_1285_23 region_pixels=1782528 nonzero_rgb_pixels=1700000 checksum=987654321098765432
sophia_live_native_head_page_flip schema=2 status=retired output=1 head=1 submission=26 frame=41
sophia_live_session_present schema=2 status=retired transaction=1202 surface=6291459 source=1266x1408 target=1266x1408_1285_23 clip=1266x1408_1285_23 unit_scale=true
sophia_firefox_rendering schema=1 status=complete page_ready=true recovery_extents=0 content=redacted
sophia_live_session_health schema=1 status=clean protocol_errors=0 pending_wm=0 pending_actions=0 pending_input=0 wm_degraded=false
sophia_live_layout_health schema=2 status=clean recovery_extents=0 standing_targets=0 constraint_relayout_pending=false
sophia_live_session_cleanup schema=1 status=clean app_groups=0 frontend_workers=0 namespace=revoked xauthority=removed
