sophia_session_app schema=1 status=started id=terminal source=startup
sophia_session_app schema=2 status=started id=firefox source=action transaction=2
sophia_session_app schema=1 status=started id=firefox source=action
sophia_session_app schema=2 status=surface_observed source=action transaction=2 surface=6291459
sophia_live_wm schema=1 status=restarted restarts=1 preserved_layout=true
sophia_live_resize_epoch schema=2 status=recovery_extent_cleared surface=6291459 reason=admission_present_retired
sophia_live_resize_epoch schema=3 status=visual_armed epoch=1270 transaction=1270 surface=6291459 width=1276 height=1422 source=standing_target_recovery
sophia_live_resize_epoch schema=3 status=visual_committed transaction=1270 surface=6291459 width=1276 height=1422
sophia_firefox_dialog schema=1 status=checkpoint checkpoint=page_ready title_bytes=245 content=redacted
sophia_live_session_present schema=2 status=retired transaction=1271 surface=6291459 source=1276x1422 target=1276x1422_2_16 clip=1276x1422_2_16 unit_scale=true
sophia_firefox_dialog schema=1 status=pointer_batch routed=2 total=2 content=redacted
sophia_firefox_dialog schema=1 status=checkpoint checkpoint=modal_ready title_bytes=246 content=redacted
sophia_live_session_present schema=2 status=retired transaction=1281 surface=6291459 source=1276x1422 target=1276x1422_2_16 clip=1276x1422_2_16 unit_scale=true
sophia_firefox_dialog schema=1 status=pointer_batch routed=2 total=4 content=redacted
sophia_firefox_dialog schema=1 status=checkpoint checkpoint=confirmed title_bytes=247 content=redacted
sophia_live_session_present schema=2 status=retired transaction=1294 surface=6291459 source=1276x1422 target=1276x1422_2_16 clip=1276x1422_2_16 unit_scale=true
sophia_firefox_dialog schema=1 status=complete checkpoints=3 pointer_buttons=4 recovery_extents=0 content=redacted
sophia_live_session_health schema=1 status=clean protocol_errors=0 pending_wm=0 pending_actions=0 pending_input=0 wm_degraded=false
sophia_live_layout_health schema=2 status=clean recovery_extents=0 standing_targets=0 constraint_relayout_pending=false
sophia_live_session_cleanup schema=1 status=clean app_groups=0 frontend_workers=0 namespace=revoked xauthority=removed
